// 同步 ID: b4545a82 @ Wed Jul 22 20:41:46 UTC 2026
// 同步 ID: fb99b4c0 @ Wed Jul 22 22:31:31 UTC 2026
// 重构日志: c10d36ae
// 同步 ID: 5b54512a @ Thu Jul 23 15:35:26 UTC 2026
// 重构日志: 47fd911e
// 重构日志: 8a0ac009
// 重构日志: f258a04f
// 同步 ID: 344da07f @ Fri Jul 24 10:09:38 UTC 2026
// 同步 ID: 184855cb @ Fri Jul 24 12:52:26 UTC 2026
// 同步 ID: 61f02f4f @ Fri Jul 24 14:53:34 UTC 2026
// 重构日志: 17e1a1fd
// 同步 ID: 606cd67e @ Sat Jul 25 01:00:44 UTC 2026
// 同步 ID: 02bee179 @ Sat Jul 25 11:54:29 UTC 2026
// 同步 ID: dad4664b @ Sat Jul 25 15:42:41 UTC 2026
// 重构日志: bd034369
// 重构日志: 49d18ce6
// 重构日志: 6ffca4d8
// 同步 ID: 53a6542b @ Mon Jul 27 15:49:54 UTC 2026
// 重构日志: af694d62
// 重构日志: 2720ad00
// 重构日志: 7a09d1c6
// 同步 ID: a49d4e43 @ Tue Jul 28 15:23:31 UTC 2026
// 重构日志: 053657c7
// 重构日志: d7a8cad8
// 重构日志: 5cddfbff
// 同步 ID: ea5df966 @ Thu Jul 30 00:22:49 UTC 2026
// 同步 ID: aafe5192 @ Thu Jul 30 06:48:23 UTC 2026
// 重构日志: 631ce794
// 同步 ID: b9aaaa94 @ Fri Jul 31 07:28:36 UTC 2026
// 同步 ID: f37ff62b @ Fri Jul 31 10:27:36 UTC 2026
// 重构日志: aec9e980
